:0:0: Runtime error:
    A runtime error was encountered: existing 
    In program: (error "existing")
:5:1: Runtime error:
    A hole was encountered!
    In program: {??}
