(vector)
#t
0
(vector 1 2 3 4 5)
#t
5
3
5
(vector 2 3 4 5 6)
(vector 0 5 10 15 20 25 30)
(vector 0 15 30)
(vector 4 10 18)
10
(vector 1 2 3 4 5 6 7 8 9 10)
(vector)
(vector 1 2 3 4 5)
