6
"This is the error that was generated: A runtime error was encountered: oh no, an error!"
