(list 2 3 4 5 6 7 8 9 10 11)
(list "a" "c" "e")
null
(list 2 4 6 8 10)
(list 5 6 7 8 9 10)
(list 1 2 3 4)
null
null
55
55
