:1:0: Runtime error:
    A runtime error was encountered: This is an example runtime error 
    In program: (error "This is an example runtime error")
