(: (1, 1) => (1, 1)
define: (1, 2) => (1, 7)
str: (1, 9) => (1, 11)
"ab
cd	e

"'zzzzzz"": (1, 13) => (2, 6)
): (2, 7) => (2, 7)
