4129
0
-48902
48902
142
-89
98
3.14
0.14
0.14
314
-3.14
-0.14
-0.14
-314
3.14
0.14
0.14
314
300
300
30
300
300
30
-300
-30
-0.03
-0.003
