:3:0: Scope error:
    Variable x is not defined
    In program: x
